HI-TECH Software C Compiler 

Linker command line:

\
  --edf=D:\OneDrive\SmarRF\MCU\MC82\IDE\ORIGINIDE_V2.0.9\Program Files (x86)\HI-TECH Software\PICC\9.83\dat\en_msgs.txt \
  -cs -h+smartkey.sym -z -Q16F685 -ol.obj -Msmartkey.map -E1 \
  -ACONST=00h-0FFhx8 -ACODE=00h-07FFh -ASTRCODE=00h-07FFh \
  -AENTRY=00h-0FFhx8 -ASTRING=00h-0FFhx8 -ABANK0=020h-06Fh \
  -ABANK1=0A0h-0BFh -ARAM=020h-06Fh,0A0h-0BFh -AABS1=020h-07Fh,0A0h-0BFh \
  -ACOMMON=070h-07Fh -ASFR0=00h-01Fh -ASFR1=080h-09Fh -ASFR2=0100h-016Fh \
  -preset_vec=00h,intentry=04h,init,end_init -ppowerup=CODE -pfunctab=CODE \
  -ACONFIG=02007h-02007h -pconfig=CONFIG -DCONFIG=2 -AIDLOC=02000h-02003h \
  -pidloc=IDLOC -DIDLOC=2 -AEEDATA=00h-07Fh/02100h -peeprom_data=EEDATA \
  -DEEDATA=2 -DCODE=2 -DSTRCODE=2 -DSTRING=2 -DCONST=2 -DENTRY=2 -k \
  startup.obj smartkey.obj 

Object code version is 3.10

Machine type is 16F685



                Name                               Link     Load   Length Selector   Space Scale
startup.obj     end_init                              A        A        1        8       0
                reset_vec                             0        0        1        0       0
smartkey.obj    intentry                              4        4        6        8       0
                text747                             41B      41B       11        8       0
                text746                             44B      44B        F        8       0
                text745                             47D      47D        A        8       0
                text744                             3F8      3F8       12        8       0
                text743                             487      487        9        8       0
                text742                             32D      32D       1F        8       0
                text741                             2EC      2EC       21        8       0
                text740                             3B7      3B7       18        8       0
                text739                             468      468        B        8       0
                text738                             45A      45A        E        8       0
                text737                             36A      36A       1B        8       0
                text736                             473      473        A        8       0
                text735                             40A      40A       11        8       0
                text734                             2C9      2C9       23        8       0
                text733                               B        B      14D        8       0
                text732                             42C      42C       10        8       0
                text731                             385      385       1A        8       0
                text730                             3E6      3E6       12        8       0
                text729                             3CF      3CF       17        8       0
                text728                             28E      28E       3B        8       0
                text727                             30D      30D       20        8       0
                swtext1                             490      490        7      920       0
                maintext                            158      158      136        8       0
                cstackBANK0                          3E       3E       1A       20       1
                cstackCOMMON                         70       70        B       70       1
                inittext                            43C      43C        F        8       0
                dataBANK0                            20       20       1E       20       1
                bssBANK0                             58       58        A       20       1
                dataCOMMON                           7B       7B        1       70       1
                cinit                               39F      39F       18        8       0
                idataBANK0                          34C      34C       1E        8       0

TOTAL           Name                               Link     Load   Length     Space
        CLASS   CONST          
                swtext1                             490      490        7         0

        CLASS   CODE           
                end_init                              A        A        1         0
                intentry                              4        4        6         0
                reset_vec                             0        0        1         0
                text747                             41B      41B       11         0
                text746                             44B      44B        F         0
                text745                             47D      47D        A         0
                text744                             3F8      3F8       12         0
                text743                             487      487        9         0
                text742                             32D      32D       1F         0
                text741                             2EC      2EC       21         0
                text740                             3B7      3B7       18         0
                text739                             468      468        B         0
                text738                             45A      45A        E         0
                text737                             36A      36A       1B         0
                text736                             473      473        A         0
                text735                             40A      40A       11         0
                text734                             2C9      2C9       23         0
                text733                               B        B      14D         0
                text732                             42C      42C       10         0
                text731                             385      385       1A         0
                text730                             3E6      3E6       12         0
                text729                             3CF      3CF       17         0
                text728                             28E      28E       3B         0
                text727                             30D      30D       20         0
                maintext                            158      158      136         0
                inittext                            43C      43C        F         0
                cinit                               39F      39F       18         0
                idataBANK0                          34C      34C       1E         0

        CLASS   STRCODE        

        CLASS   ENTRY          

        CLASS   STRING         

        CLASS   BANK0          
                cstackBANK0                          3E       3E       1A         1
                dataBANK0                            20       20       1E         1
                bssBANK0                             58       58        A         1

        CLASS   BANK1          

        CLASS   RAM            

        CLASS   ABS1           
                abs_s1                               7E       7E        2         1
                abs_s1                              18C      18C        1         1
                abs_s1                              19D      19D        2         1

        CLASS   COMMON         
                cstackCOMMON                         70       70        B         1
                dataCOMMON                           7B       7B        1         1

        CLASS   SFR0           

        CLASS   SFR1           

        CLASS   SFR2           

        CLASS   CONFIG         

        CLASS   IDLOC          

        CLASS   EEDATA         

        CLASS   BANK2          



SEGMENTS        Name                           Load    Length   Top    Selector   Space  Class     Delta

                reset_vec                      000000  000001  000001         0       0  CODE        2
                intentry                       000004  00048C  000490         8       0  CODE        2
                dataBANK0                      000020  000042  000062        20       1  BANK0       1
                cstackCOMMON                   000070  00000C  00007C        70       1  COMMON      1
                swtext1                        000490  000007  000497       920       0  CONST       2


UNUSED ADDRESS RANGES

        Name                Unused          Largest block    Delta
        BANK0            062-06F             E           1
        BANK1            0A0-0BF            20           1
        CODE             001-003             3           2
                         497-7FF           369
        COMMON           07C-07D             2           1
        CONFIG           2007-2007             1           2
        CONST            001-003             3           2
                         497-7FF           100
        EEDATA           2100-217F            80           2
        ENTRY            001-003             3           2
                         497-7FF           100
        IDLOC            2000-2003             4           2
        RAM              062-06F             E           1
                         0A0-0BF            20
        SFR0             000-01F            20           1
        SFR1             080-09F            20           1
        SFR2             100-16F            70           1
        STRCODE          001-003             3           2
                         497-7FF           369
        STRING           001-003             3           2
                         497-7FF           100

                                  Symbol Table

??_ISR                      cstackCOMMON 070
??_SET_EPWM_ON              cstackCOMMON 072
??___bmul                   cstackCOMMON 073
??___lbdiv                  cstackCOMMON 073
??_beep2                    cstackCOMMON 076
??_comArr                   cstackCOMMON 075
??_delay_x10ms              cstackCOMMON 072
??_eepromReadBlock          cstackCOMMON 076
??_eepromReadByte           cstackCOMMON 072
??_eepromWriteBlock         cstackCOMMON 078
??_eepromWriteByte          cstackCOMMON 073
??_get_RFID                 cstackCOMMON 077
??_gpio_init                cstackCOMMON 072
??_id_clear                 cstackCOMMON 07B
??_id_replate               cstackBANK0  040
??_id_search                cstackBANK0  03E
??_int_init                 cstackCOMMON 072
??_main                     cstackBANK0  052
??_setState                 cstackCOMMON 074
??_sys_init                 cstackCOMMON 072
??_timerOut                 cstackCOMMON 074
??_timer_init               cstackCOMMON 072
?_ISR                       cstackCOMMON 070
?_SET_EPWM_ON               cstackCOMMON 070
?___bmul                    cstackCOMMON 072
?___lbdiv                   cstackCOMMON 072
?_beep2                     cstackCOMMON 075
?_comArr                    cstackCOMMON 072
?_delay_x10ms               cstackCOMMON 070
?_eepromReadBlock           cstackCOMMON 074
?_eepromReadByte            cstackCOMMON 070
?_eepromWriteBlock          cstackCOMMON 076
?_eepromWriteByte           cstackCOMMON 072
?_get_RFID                  cstackCOMMON 070
?_gpio_init                 cstackCOMMON 070
?_id_clear                  cstackBANK0  043
?_id_replate                cstackBANK0  03E
?_id_search                 cstackCOMMON 07A
?_int_init                  cstackCOMMON 070
?_main                      cstackCOMMON 070
?_setState                  cstackCOMMON 072
?_sys_init                  cstackCOMMON 070
?_timerOut                  cstackCOMMON 072
?_timer_init                cstackCOMMON 070
_C1SEN                      (abs)        CF5
_C2REN                      (abs)        CF4
_EEADR                      (abs)        09B
_EECON1                     (abs)        09C
_EEDAT                      (abs)        09A
_EEIF                       (abs)        067
_EEPGD                      (abs)        C67
_EPWM1AUX                   (abs)        090
_EPWM1CON                   (abs)        015
_EPWMR1L                    (abs)        013
_GIE                        (abs)        05F
_HTS                        (abs)        47A
_INTCON                     (abs)        00B
_ISR                        text747      41B
_OPTION                     (abs)        081
_OSCCON                     (abs)        08F
_PEIE                       (abs)        05E
_PIE1                       (abs)        08C
_PIR1                       (abs)        00C
_PORTA                      (abs)        005
_PORTC                      (abs)        007
_PR2                        (abs)        092
_PSTRCON                    (abs)        19D
_PULSR                      (abs)        CF2
_PULSS                      (abs)        CF3
_PWM1CON                    (abs)        016
_RA3                        (abs)        02B
_RA4                        (abs)        02C
_RC0                        (abs)        038
_RD                         (abs)        4E0
_SET_EPWM_ON                text740      3B7
_SR0                        (abs)        CF6
_SR1                        (abs)        CF7
_SRCON                      (abs)        19E
_STRA                       (abs)        CE8
_STRB                       (abs)        CE9
_STRC                       (abs)        CEA
_STRD                       (abs)        CEB
_STRSYNC                    (abs)        CEC
_T0IE                       (abs)        05D
_T0IF                       (abs)        05A
_T1CON                      (abs)        010
_T2CON                      (abs)        012
_TMR0                       (abs)        001
_TMR1H                      (abs)        00F
_TMR1IE                     (abs)        460
_TMR1IF                     (abs)        060
_TMR1L                      (abs)        00E
_TMR1ON                     (abs)        080
_TMR2                       (abs)        011
_TMR2IE                     (abs)        461
_TMR2IF                     (abs)        061
_TRISA                      (abs)        085
_TRISC                      (abs)        087
_WPUA                       (abs)        095
_WPUC                       (abs)        088
_WR                         (abs)        4E8
_WREN                       (abs)        C62
__Habs1                     abs1         000
__Hbank0                    bank0        000
__Hbank1                    bank1        000
__Hbank2                    bank2        000
__HbssBANK0                 bssBANK0     000
__Hcinit                    cinit        000
__Hclrtext                  clrtext      000
__Hcode                     code         000
__Hcommon                   common       000
__Hconfig                   config       000
__HcstackBANK0              cstackBANK0  000
__HcstackCOMMON             cstackCOMMON 000
__HdataBANK0                dataBANK0    000
__HdataCOMMON               dataCOMMON   000
__Heeprom_data              eeprom_data  000
__Hend_init                 end_init     00B
__Hfunctab                  functab      000
__HidataBANK0               idataBANK0   000
__HidataCOMMON              idataCOMMON  000
__Hidloc                    idloc        000
__Hinit                     init         00A
__Hinittext                 inittext     000
__Hintentry                 intentry     00A
__Hmaintext                 maintext     000
__Hpa_nodes                 pa_nodes     000
__Hpowerup                  powerup      000
__Hram                      ram          000
__Hreset_vec                reset_vec    001
__Hsfr0                     sfr0         000
__Hsfr1                     sfr1         000
__Hsfr2                     sfr2         000
__Hstrings                  strings      000
__Htext                     text         000
__Labs1                     abs1         000
__Lbank0                    bank0        000
__Lbank1                    bank1        000
__Lbank2                    bank2        000
__LbssBANK0                 bssBANK0     000
__Lcinit                    cinit        000
__Lclrtext                  clrtext      000
__Lcode                     code         000
__Lcommon                   common       000
__Lconfig                   config       000
__LcstackBANK0              cstackBANK0  000
__LcstackCOMMON             cstackCOMMON 000
__LdataBANK0                dataBANK0    000
__LdataCOMMON               dataCOMMON   000
__Leeprom_data              eeprom_data  000
__Lend_init                 end_init     00A
__Lfunctab                  functab      000
__LidataBANK0               idataBANK0   000
__LidataCOMMON              idataCOMMON  000
__Lidloc                    idloc        000
__Linit                     init         00A
__Linittext                 inittext     000
__Lintentry                 intentry     004
__Lmaintext                 maintext     000
__Lpa_nodes                 pa_nodes     000
__Lpowerup                  powerup      000
__Lram                      ram          000
__Lreset_vec                reset_vec    000
__Lsfr0                     sfr0         000
__Lsfr1                     sfr1         000
__Lsfr2                     sfr2         000
__Lstrings                  strings      000
__Ltext                     text         000
__S0                        (abs)        497
__S1                        (abs)        07C
__S2                        (abs)        000
___bmul                     text738      45A
___bmul@multiplicand        cstackCOMMON 072
___bmul@multiplier          cstackCOMMON 074
___bmul@product             cstackCOMMON 073
___lbdiv                    text737      36A
___lbdiv@counter            cstackCOMMON 074
___lbdiv@dividend           cstackCOMMON 073
___lbdiv@divisor            cstackCOMMON 072
___lbdiv@quotient           cstackCOMMON 075
__end_of_ISR                text747      42C
__end_of_SET_EPWM_ON        text740      3CF
__end_of___bmul             text738      468
__end_of___lbdiv            text737      385
__end_of_beep2              text729      3E6
__end_of_comArr             text742      34C
__end_of_delay_x10ms        text732      43C
__end_of_eepromReadBlock    text735      41B
__end_of_eepromReadByte     text743      490
__end_of_eepromWriteBlock   text730      3F8
__end_of_eepromWriteByte    text734      2EC
__end_of_get_RFID           text733      141
__end_of_gpio_init          text746      45A
__end_of_id_clear           text727      32D
__end_of_id_replate         text728      2C2
__end_of_id_search          text731      39F
__end_of_int_init           text744      40A
__end_of_main               maintext     28E
__end_of_setState           text739      473
__end_of_sys_init           text736      47D
__end_of_timerOut           text741      30D
__end_of_timer_init         text745      487
__pbssBANK0                 bssBANK0     058
__pcstackBANK0              cstackBANK0  03E
__pcstackCOMMON             cstackCOMMON 070
__pdataBANK0                dataBANK0    020
__pdataCOMMON               dataCOMMON   07B
__pidataBANK0               idataBANK0   34C
__pidataCOMMON              idataCOMMON  000
__pintentry                 intentry     004
__pmaintext                 maintext     158
__pswtext1                  swtext1      490
__ptext727                  text727      30D
__ptext728                  text728      28E
__ptext729                  text729      3CF
__ptext730                  text730      3E6
__ptext731                  text731      385
__ptext732                  text732      42C
__ptext733                  text733      00B
__ptext734                  text734      2C9
__ptext735                  text735      40A
__ptext736                  text736      473
__ptext737                  text737      36A
__ptext738                  text738      45A
__ptext739                  text739      468
__ptext740                  text740      3B7
__ptext741                  text741      2EC
__ptext742                  text742      32D
__ptext743                  text743      487
__ptext744                  text744      3F8
__ptext745                  text745      47D
__ptext746                  text746      44B
__ptext747                  text747      41B
__ptext748                  text748      000
__size_of_ISR               (abs)        000
__size_of_SET_EPWM_ON       (abs)        000
__size_of___bmul            (abs)        000
__size_of___lbdiv           (abs)        000
__size_of_beep2             (abs)        000
__size_of_comArr            (abs)        000
__size_of_delay_x10ms       (abs)        000
__size_of_eepromReadBlock   (abs)        000
__size_of_eepromReadByte    (abs)        000
__size_of_eepromWriteBlock  (abs)        000
__size_of_eepromWriteByte   (abs)        000
__size_of_get_RFID          (abs)        000
__size_of_gpio_init         (abs)        000
__size_of_id_clear          (abs)        000
__size_of_id_replate        (abs)        000
__size_of_id_search         (abs)        000
__size_of_int_init          (abs)        000
__size_of_main              (abs)        000
__size_of_setState          (abs)        000
__size_of_sys_init          (abs)        000
__size_of_timerOut          (abs)        000
__size_of_timer_init        (abs)        000
_beep2                      text729      3CF
_buffTag                    dataBANK0    025
_buzFre                     dataCOMMON   07B
_comArr                     text742      32D
_delay_x10ms                text732      42C
_eepromReadBlock            text735      40A
_eepromReadByte             text743      487
_eepromWriteBlock           text730      3E6
_eepromWriteByte            text734      2C9
_exit                       init         00A
_get_RFID                   text733      00B
_gpio_init                  text746      44B
_id_clear                   text727      30D
_id_replate                 text728      28E
_id_search                  text731      385
_int_init                   text744      3F8
_keyID                      bssBANK0     05D
_main                       maintext     158
_mtState                    bssBANK0     05C
_setState                   text739      468
_sys_init                   text736      473
_timeOut                    bssBANK0     058
_timeTick                   bssBANK0     05A
_timerOut                   text741      2EC
_timer_init                 text745      47D
beep2@rep                   cstackCOMMON 075
beep2@sel                   cstackCOMMON 076
btemp                       (abs)        07E
comArr@arr1                 cstackCOMMON 078
comArr@arr2                 cstackCOMMON 072
comArr@i                    cstackCOMMON 079
comArr@len1                 cstackCOMMON 073
comArr@len2                 cstackCOMMON 074
delay_x10ms@t               cstackCOMMON 074
eepromReadBlock@addStart    cstackCOMMON 077
eepromReadBlock@buff        cstackCOMMON 074
eepromReadBlock@i           cstackCOMMON 078
eepromReadBlock@len         cstackCOMMON 075
eepromReadByte@EEAddr       cstackCOMMON 072
eepromReadByte@ReEepromData cstackCOMMON 073
eepromWriteBlock@addStart   cstackCOMMON 079
eepromWriteBlock@buff       cstackCOMMON 076
eepromWriteBlock@i          cstackCOMMON 07A
eepromWriteBlock@len        cstackCOMMON 077
eepromWriteByte@EEAddr      cstackCOMMON 075
eepromWriteByte@EEData      cstackCOMMON 072
end_of_initialization       cinit        3B5
get_RFID@RF_serial_55bits   cstackBANK0  03E
get_RFID@even_col           cstackBANK0  04A
get_RFID@even_row           cstackBANK0  04B
get_RFID@flag_RFID_last     cstackBANK0  04E
get_RFID@flag_RFID_syn      cstackBANK0  049
get_RFID@i                  cstackBANK0  04D
get_RFID@ii                 cstackBANK0  051
get_RFID@j                  cstackBANK0  04C
get_RFID@timeOutVal         cstackBANK0  04F
i1l4705                                     
i1l4711                                     
id_clear@F962               dataBANK0    020
id_clear@idMax              cstackBANK0  043
id_clear@idMin              cstackBANK0  049
id_clear@tmp                cstackBANK0  044
id_replate@Cont             cstackBANK0  03E
id_replate@buff             cstackBANK0  03F
id_replate@id               cstackBANK0  042
id_search@buff              cstackCOMMON 07A
id_search@i                 cstackBANK0  040
id_search@id_input          cstackBANK0  03F
init_fetch                  inittext     43C
init_ram                    inittext     440
interrupt_function          intentry     004
intlevel0                   functab      000
intlevel1                   functab      000
intlevel2                   functab      000
intlevel3                   functab      000
intlevel4                   functab      000
intlevel5                   functab      000
l1316                                       
l1322                                       
l1331                                       
l1337                                       
l2753                                       
l3441                                       
l3454                                       
l3463                                       
l3471                                       
l3479                                       
l4188                                       
l4224                                       
l5271                                       
l5273                                       
l5275                                       
l5277                                       
l5279                                       
l5281                                       
l5283                                       
l5285                                       
l5287                                       
l5289                                       
l5291                                       
l5293                                       
l5295                                       
l5297                                       
l5299                                       
l5301                                       
l5303                                       
l5305                                       
l5307                                       
l5311                                       
l5343                                       
l5345                                       
l5347                                       
l5349                                       
l5363                                       
l5365                                       
l5367                                       
l5369                                       
l5371                                       
l5373                                       
l5377                                       
l5379                                       
l5381                                       
l5383                                       
l5401                                       
l5403                                       
l5405                                       
l5411                                       
l5415                                       
l5419                                       
l5425                                       
l5427                                       
l5429                                       
l5433                                       
l5449                                       
l5451                                       
l5455                                       
l5463                                       
l5471                                       
l5475                                       
l5485                                       
l5497                                       
l5503                                       
l5511                                       
l5519                                       
l5523                                       
l5525                                       
l5531                                       
l5535                                       
l5557                                       
l5559                                       
l5571                                       
l5577                                       
l5585                                       
l5587                                       
l5595                                       
l5599                                       
l5601                                       
l5607                                       
l5611                                       
l5623                                       
l5625                                       
l5633                                       
l5635                                       
l5643                                       
l5649                                       
l5653                                       
l5655                                       
l5657                                       
l5659                                       
l5671                                       
l5705                                       
l5707                                       
l5709                                       
l5713                                       
l5715                                       
l5717                                       
l5933                                       
l5941                                       
l5943                                       
l5949                                       
l5953                                       
l5955                                       
l5959                                       
l5961                                       
l5975                                       
l5981                                       
l5985                                       
l5989                                       
l5991                                       
l5993                                       
l5995                                       
l5997                                       
l5999                                       
l6001                                       
l6003                                       
l6007                                       
l6011                                       
l6013                                       
l6015                                       
l6017                                       
l6019                                       
l6021                                       
l6023                                       
l6025                                       
l6027                                       
l6029                                       
l6031                                       
l6033                                       
l6035                                       
l6041                                       
l6043                                       
l6047                                       
l6049                                       
l6059                                       
l6061                                       
l6063                                       
l6065                                       
l6069                                       
l6073                                       
l6075                                       
l6077                                       
l6085                                       
l6087                                       
l6089                                       
l6097                                       
l6101                                       
l6103                                       
l6113                                       
l6117                                       
l6119                                       
l6127                                       
l6131                                       
l654                                        
l657                                        
l660                                        
l663                                        
main@idState                cstackBANK0  055
main@idop                   cstackBANK0  057
main@tmp                    cstackBANK0  056
reset_vec                   reset_vec    000
saved_w                     (abs)        07E
setState@_tOut              cstackCOMMON 072
setState@stt                cstackCOMMON 074
start                       init         00A
start_initialization        cinit        39F
timerOut@CurTimer           cstackCOMMON 075
timerOut@Logic              cstackCOMMON 074
timerOut@time               cstackCOMMON 072
wtemp0                      (abs)        07E
