HI-TECH Software C Compiler 

Linker command line:

\
  --edf=D:\OneDrive\SmarRF\MCU\MC82\IDE\ORIGINIDE_V2.0.9\Program Files (x86)\HI-TECH Software\PICC\9.83\dat\en_msgs.txt \
  -cs -h+smartkey.sym -z -Q16F685 -ol.obj -Msmartkey.map -E1 \
  -ACONST=00h-0FFhx8 -ACODE=00h-07FFh -ASTRCODE=00h-07FFh \
  -AENTRY=00h-0FFhx8 -ASTRING=00h-0FFhx8 -ABANK0=020h-06Fh \
  -ABANK1=0A0h-0BFh -ARAM=020h-06Fh,0A0h-0BFh -AABS1=020h-07Fh,0A0h-0BFh \
  -ACOMMON=070h-07Fh -ASFR0=00h-01Fh -ASFR1=080h-09Fh \
  -preset_vec=00h,intentry=04h,init,end_init -ppowerup=CODE -pfunctab=CODE \
  -ACONFIG=02007h-02007h -pconfig=CONFIG -DCONFIG=2 -AIDLOC=02000h-02003h \
  -pidloc=IDLOC -DIDLOC=2 -AEEDATA=00h-0FFh/02100h -peeprom_data=EEDATA \
  -DEEDATA=2 -DCODE=2 -DSTRCODE=2 -DSTRING=2 -DCONST=2 -DENTRY=2 -k \
  startup.obj smartkey.obj 

Object code version is 3.10

Machine type is 16F685



                Name                               Link     Load   Length Selector   Space Scale
startup.obj     end_init                              A        A        1        8       0
                reset_vec                             0        0        1        0       0
smartkey.obj    intentry                              4        4        6        8       0
                text455                             407      407        7      80E       0
                text454                             3BC      3BC        F        8       0
                text453                             40E      40E        3      80E       0
                text452                             3D9      3D9        C        8       0
                text451                             3F7      3F7        8        8       0
                text450                             302      302       1F        8       0
                text449                             2E3      2E3       1F        8       0
                text448                             2C4      2C4       1F        8       0
                text447                             3E5      3E5        A        8       0
                text446                             3CB      3CB        E        8       0
                text445                             33F      33F       1B        8       0
                text444                             3EF      3EF        8        8       0
                text443                             39C      39C       11        8       0
                text442                             284      284       21        8       0
                text441                               B        B      14A        8       0
                text440                             35A      35A       1A        8       0
                text439                             38A      38A       12        8       0
                text438                             249      249       3B        8       0
                text437                             2A5      2A5       1F        8       0
                swtext1                             400      400        7      800       0
                maintext                            155      155       F4        8       0
                cstackBANK0                          3E       3E       1A       20       1
                cstackCOMMON                         70       70        C       70       1
                inittext                            3AD      3AD        F        8       0
                dataBANK0                            20       20       1E       20       1
                bssBANK0                             58       58        A       20       1
                cinit                               374      374       16        8       0
                idataBANK0                          321      321       1E        8       0

TOTAL           Name                               Link     Load   Length     Space
        CLASS   CONST          
                swtext1                             400      400        7         0

        CLASS   CODE           
                end_init                              A        A        1         0
                intentry                              4        4        6         0
                reset_vec                             0        0        1         0
                text455                             407      407        7         0
                text454                             3BC      3BC        F         0
                text453                             40E      40E        3         0
                text452                             3D9      3D9        C         0
                text451                             3F7      3F7        8         0
                text450                             302      302       1F         0
                text449                             2E3      2E3       1F         0
                text448                             2C4      2C4       1F         0
                text447                             3E5      3E5        A         0
                text446                             3CB      3CB        E         0
                text445                             33F      33F       1B         0
                text444                             3EF      3EF        8         0
                text443                             39C      39C       11         0
                text442                             284      284       21         0
                text441                               B        B      14A         0
                text440                             35A      35A       1A         0
                text439                             38A      38A       12         0
                text438                             249      249       3B         0
                text437                             2A5      2A5       1F         0
                maintext                            155      155       F4         0
                inittext                            3AD      3AD        F         0
                cinit                               374      374       16         0
                idataBANK0                          321      321       1E         0

        CLASS   STRCODE        

        CLASS   ENTRY          

        CLASS   STRING         

        CLASS   BANK0          
                cstackBANK0                          3E       3E       1A         1
                dataBANK0                            20       20       1E         1
                bssBANK0                             58       58        A         1

        CLASS   BANK1          

        CLASS   RAM            

        CLASS   ABS1           
                abs_s1                               7E       7E        2         1
                abs_s1                              10E      10E        2         1
                abs_s1                              115      115        2         1
                abs_s1                              118      118        4         1
                abs_s1                              11E      11E        2         1
                abs_s1                              18C      18C        1         1
                abs_s1                              19D      19D        2         1

        CLASS   COMMON         
                cstackCOMMON                         70       70        C         1

        CLASS   SFR0           

        CLASS   SFR1           

        CLASS   CONFIG         

        CLASS   IDLOC          

        CLASS   EEDATA         



SEGMENTS        Name                           Load    Length   Top    Selector   Space  Class     Delta

                reset_vec                      000000  000001  000001         0       0  CODE        2
                intentry                       000004  0003FB  0003FF         8       0  CODE        2
                dataBANK0                      000020  000042  000062        20       1  BANK0       1
                cstackCOMMON                   000070  00000C  00007C        70       1  COMMON      1
                swtext1                        000400  000007  000407       800       0  CONST       2
                text455                        000407  00000A  000411       80E       0  CODE        2


UNUSED ADDRESS RANGES

        Name                Unused          Largest block    Delta
        BANK0            062-06F             E           1
        BANK1            0A0-0BF            20           1
        CODE             001-003             3           2
                         3FF-3FF             1
                         411-7FF           3EF
        COMMON           07C-07D             2           1
        CONFIG           2007-2007             1           2
        CONST            001-003             3           2
                         3FF-3FF             1
                         411-7FF           100
        EEDATA           2100-21FF           100           2
        ENTRY            001-003             3           2
                         3FF-3FF             1
                         411-7FF           100
        IDLOC            2000-2003             4           2
        RAM              062-06F             E           1
                         0A0-0BF            20
        SFR0             000-01F            20           1
        SFR1             080-09F            20           1
        STRCODE          001-003             3           2
                         3FF-3FF             1
                         411-7FF           3EF
        STRING           001-003             3           2
                         3FF-3FF             1
                         411-7FF           100

                                  Symbol Table

??_ISR                      cstackCOMMON 070
??_SET_EPWM_ON              cstackCOMMON 072
??___bmul                   cstackCOMMON 073
??___lbdiv                  cstackCOMMON 073
??_comArr                   cstackCOMMON 075
??_eepromReadBlock          cstackCOMMON 076
??_eepromReadByte           cstackCOMMON 072
??_eepromWriteBlock         cstackCOMMON 078
??_eepromWriteByte          cstackCOMMON 073
??_get_RFID                 cstackCOMMON 077
??_gpio_init                cstackCOMMON 072
??_id_clear                 cstackCOMMON 07C
??_id_replate               cstackBANK0  040
??_id_search                cstackCOMMON 07B
??_int_init                 cstackCOMMON 072
??_main                     cstackBANK0  052
??_setState                 cstackCOMMON 074
??_sys_init                 cstackCOMMON 072
??_timerOut                 cstackCOMMON 074
??_timer_init               cstackCOMMON 072
?_ISR                       cstackCOMMON 070
?_SET_EPWM_ON               cstackCOMMON 070
?___bmul                    cstackCOMMON 072
?___lbdiv                   cstackCOMMON 072
?_comArr                    cstackCOMMON 072
?_eepromReadBlock           cstackCOMMON 074
?_eepromReadByte            cstackCOMMON 070
?_eepromWriteBlock          cstackCOMMON 076
?_eepromWriteByte           cstackCOMMON 072
?_get_RFID                  cstackCOMMON 070
?_gpio_init                 cstackCOMMON 070
?_id_clear                  cstackBANK0  042
?_id_replate                cstackBANK0  03E
?_id_search                 cstackCOMMON 07A
?_int_init                  cstackCOMMON 070
?_main                      cstackCOMMON 070
?_setState                  cstackCOMMON 072
?_sys_init                  cstackCOMMON 070
?_timerOut                  cstackCOMMON 072
?_timer_init                cstackCOMMON 070
_ANS0                       (abs)        8F0
_ANS1                       (abs)        8F1
_ANS10                      (abs)        8FA
_ANS11                      (abs)        8FB
_ANS2                       (abs)        8F2
_ANS3                       (abs)        8F3
_ANS4                       (abs)        8F4
_ANS5                       (abs)        8F5
_ANS6                       (abs)        8F6
_ANS7                       (abs)        8F7
_ANS8                       (abs)        8F8
_ANS9                       (abs)        8F9
_ANSEL                      (abs)        11E
_ANSELH                     (abs)        11F
_C1CH0                      (abs)        8C8
_C1CH1                      (abs)        8C9
_C1OE                       (abs)        8CD
_C1ON                       (abs)        8CF
_C1OUT                      (abs)        8CE
_C1POL                      (abs)        8CC
_C1R                        (abs)        8CA
_C1SEN                      (abs)        CF5
_C1VREN                     (abs)        8C7
_C2CH0                      (abs)        8D0
_C2CH1                      (abs)        8D1
_C2OE                       (abs)        8D5
_C2ON                       (abs)        8D7
_C2OUT                      (abs)        8D6
_C2POL                      (abs)        8D4
_C2R                        (abs)        8D2
_C2REN                      (abs)        CF4
_C2SYNC                     (abs)        8D8
_C2VREN                     (abs)        8C6
_CM1CON0                    (abs)        119
_CM2CON0                    (abs)        11A
_CM2CON1                    (abs)        11B
_EEADR                      (abs)        09B
_EEADRH                     (abs)        10F
_EECON1                     (abs)        09C
_EEDAT                      (abs)        09A
_EEDATH                     (abs)        10E
_EEIF                       (abs)        067
_EEPGD                      (abs)        C67
_GIE                        (abs)        05F
_HTS                        (abs)        47A
_INTCON                     (abs)        00B
_IOCB                       (abs)        116
_IOCB4                      (abs)        8B4
_IOCB5                      (abs)        8B5
_IOCB6                      (abs)        8B6
_IOCB7                      (abs)        8B7
_ISR                        text455      407
_MC1OUT                     (abs)        8DF
_MC2OUT                     (abs)        8DE
_OPTION                     (abs)        081
_OSCCON                     (abs)        08F
_P1ADTH                     (abs)        014
_P1ADTL                     (abs)        00E
_P1CON                      (abs)        016
_P1OE                       (abs)        090
_P1POL                      (abs)        099
_PEIE                       (abs)        05E
_PIE1                       (abs)        08C
_PIR1                       (abs)        00C
_PORTA                      (abs)        005
_PORTC                      (abs)        007
_PR2H                       (abs)        092
_PR2L                       (abs)        091
_PSTRCON                    (abs)        19D
_PULSR                      (abs)        CF2
_PULSS                      (abs)        CF3
_RA3                        (abs)        02B
_RA5                        (abs)        02D
_RD                         (abs)        4E0
_SET_EPWM_ON                text448      2C4
_SR0                        (abs)        CF6
_SR1                        (abs)        CF7
_SRCON                      (abs)        19E
_STRA                       (abs)        CE8
_STRB                       (abs)        CE9
_STRC                       (abs)        CEA
_STRD                       (abs)        CEB
_STRSYNC                    (abs)        CEC
_T0IE                       (abs)        05D
_T0IF                       (abs)        05A
_T0ON                       (abs)        0FB
_T1GSS                      (abs)        8D9
_T2CON0                     (abs)        012
_T2CON1                     (abs)        09E
_TMR0                       (abs)        001
_TMR2H                      (abs)        013
_TMR2IE                     (abs)        461
_TMR2IF                     (abs)        061
_TMR2L                      (abs)        011
_TMR2ON                     (abs)        092
_TRISA                      (abs)        085
_TRISC                      (abs)        087
_VP6EN                      (abs)        8C4
_VR0                        (abs)        8C0
_VR1                        (abs)        8C1
_VR2                        (abs)        8C2
_VR3                        (abs)        8C3
_VRCON                      (abs)        118
_VRR                        (abs)        8C5
_WPUA                       (abs)        095
_WPUB                       (abs)        115
_WPUB4                      (abs)        8AC
_WPUB5                      (abs)        8AD
_WPUB6                      (abs)        8AE
_WPUB7                      (abs)        8AF
_WPUC                       (abs)        093
_WR                         (abs)        4E8
_WREN                       (abs)        C62
__Habs1                     abs1         000
__Hbank0                    bank0        000
__Hbank1                    bank1        000
__HbssBANK0                 bssBANK0     000
__Hcinit                    cinit        000
__Hclrtext                  clrtext      000
__Hcode                     code         000
__Hcommon                   common       000
__Hconfig                   config       000
__HcstackBANK0              cstackBANK0  000
__HcstackCOMMON             cstackCOMMON 000
__HdataBANK0                dataBANK0    000
__Heeprom_data              eeprom_data  000
__Hend_init                 end_init     00B
__Hfunctab                  functab      000
__HidataBANK0               idataBANK0   000
__Hidloc                    idloc        000
__Hinit                     init         00A
__Hinittext                 inittext     000
__Hintentry                 intentry     00A
__Hmaintext                 maintext     000
__Hpa_nodes                 pa_nodes     000
__Hpowerup                  powerup      000
__Hram                      ram          000
__Hreset_vec                reset_vec    001
__Hsfr0                     sfr0         000
__Hsfr1                     sfr1         000
__Hstrings                  strings      000
__Htext                     text         000
__Labs1                     abs1         000
__Lbank0                    bank0        000
__Lbank1                    bank1        000
__LbssBANK0                 bssBANK0     000
__Lcinit                    cinit        000
__Lclrtext                  clrtext      000
__Lcode                     code         000
__Lcommon                   common       000
__Lconfig                   config       000
__LcstackBANK0              cstackBANK0  000
__LcstackCOMMON             cstackCOMMON 000
__LdataBANK0                dataBANK0    000
__Leeprom_data              eeprom_data  000
__Lend_init                 end_init     00A
__Lfunctab                  functab      000
__LidataBANK0               idataBANK0   000
__Lidloc                    idloc        000
__Linit                     init         00A
__Linittext                 inittext     000
__Lintentry                 intentry     004
__Lmaintext                 maintext     000
__Lpa_nodes                 pa_nodes     000
__Lpowerup                  powerup      000
__Lram                      ram          000
__Lreset_vec                reset_vec    000
__Lsfr0                     sfr0         000
__Lsfr1                     sfr1         000
__Lstrings                  strings      000
__Ltext                     text         000
__S0                        (abs)        411
__S1                        (abs)        07C
__S2                        (abs)        000
___bmul                     text446      3CB
___bmul@multiplicand        cstackCOMMON 072
___bmul@multiplier          cstackCOMMON 074
___bmul@product             cstackCOMMON 073
___lbdiv                    text445      33F
___lbdiv@counter            cstackCOMMON 074
___lbdiv@dividend           cstackCOMMON 073
___lbdiv@divisor            cstackCOMMON 072
___lbdiv@quotient           cstackCOMMON 075
__end_of_ISR                text455      40E
__end_of_SET_EPWM_ON        text448      2E3
__end_of___bmul             text446      3D9
__end_of___lbdiv            text445      35A
__end_of_comArr             text450      321
__end_of_eepromReadBlock    text443      3AD
__end_of_eepromReadByte     text451      3FF
__end_of_eepromWriteBlock   text439      39C
__end_of_eepromWriteByte    text442      2A5
__end_of_get_RFID           text441      143
__end_of_gpio_init          text454      3CB
__end_of_id_clear           text437      2C4
__end_of_id_replate         text438      27D
__end_of_id_search          text440      374
__end_of_int_init           text452      3E5
__end_of_main               maintext     249
__end_of_setState           text447      3EF
__end_of_sys_init           text444      3F7
__end_of_timerOut           text449      302
__end_of_timer_init         text453      411
__pbssBANK0                 bssBANK0     058
__pcstackBANK0              cstackBANK0  03E
__pcstackCOMMON             cstackCOMMON 070
__pdataBANK0                dataBANK0    020
__pidataBANK0               idataBANK0   321
__pintentry                 intentry     004
__pmaintext                 maintext     155
__pswtext1                  swtext1      400
__ptext437                  text437      2A5
__ptext438                  text438      249
__ptext439                  text439      38A
__ptext440                  text440      35A
__ptext441                  text441      00B
__ptext442                  text442      284
__ptext443                  text443      39C
__ptext444                  text444      3EF
__ptext445                  text445      33F
__ptext446                  text446      3CB
__ptext447                  text447      3E5
__ptext448                  text448      2C4
__ptext449                  text449      2E3
__ptext450                  text450      302
__ptext451                  text451      3F7
__ptext452                  text452      3D9
__ptext453                  text453      40E
__ptext454                  text454      3BC
__ptext455                  text455      407
__ptext456                  text456      000
__size_of_ISR               (abs)        000
__size_of_SET_EPWM_ON       (abs)        000
__size_of___bmul            (abs)        000
__size_of___lbdiv           (abs)        000
__size_of_comArr            (abs)        000
__size_of_eepromReadBlock   (abs)        000
__size_of_eepromReadByte    (abs)        000
__size_of_eepromWriteBlock  (abs)        000
__size_of_eepromWriteByte   (abs)        000
__size_of_get_RFID          (abs)        000
__size_of_gpio_init         (abs)        000
__size_of_id_clear          (abs)        000
__size_of_id_replate        (abs)        000
__size_of_id_search         (abs)        000
__size_of_int_init          (abs)        000
__size_of_main              (abs)        000
__size_of_setState          (abs)        000
__size_of_sys_init          (abs)        000
__size_of_timerOut          (abs)        000
__size_of_timer_init        (abs)        000
_buffTag                    dataBANK0    025
_comArr                     text450      302
_eepromReadBlock            text443      39C
_eepromReadByte             text451      3F7
_eepromWriteBlock           text439      38A
_eepromWriteByte            text442      284
_exit                       init         00A
_get_RFID                   text441      00B
_gpio_init                  text454      3BC
_id_clear                   text437      2A5
_id_replate                 text438      249
_id_search                  text440      35A
_int_init                   text452      3D9
_keyID                      bssBANK0     05D
_main                       maintext     155
_mtState                    bssBANK0     05C
_setState                   text447      3E5
_sys_init                   text444      3EF
_timeOut                    bssBANK0     058
_timeTick                   bssBANK0     05A
_timerOut                   text449      2E3
_timer_init                 text453      40E
btemp                       (abs)        07E
comArr@arr1                 cstackCOMMON 078
comArr@arr2                 cstackCOMMON 072
comArr@i                    cstackCOMMON 079
comArr@len1                 cstackCOMMON 073
comArr@len2                 cstackCOMMON 074
eepromReadBlock@addStart    cstackCOMMON 077
eepromReadBlock@buff        cstackCOMMON 074
eepromReadBlock@i           cstackCOMMON 078
eepromReadBlock@len         cstackCOMMON 075
eepromReadByte@EEAddr       cstackCOMMON 072
eepromReadByte@ReEepromData cstackCOMMON 073
eepromWriteBlock@addStart   cstackCOMMON 079
eepromWriteBlock@buff       cstackCOMMON 076
eepromWriteBlock@i          cstackCOMMON 07A
eepromWriteBlock@len        cstackCOMMON 077
eepromWriteByte@EEAddr      cstackCOMMON 075
eepromWriteByte@EEData      cstackCOMMON 072
end_of_initialization       cinit        388
get_RFID@RF_serial_55bits   cstackBANK0  03E
get_RFID@even_col           cstackBANK0  04A
get_RFID@even_row           cstackBANK0  04B
get_RFID@flag_RFID_last     cstackBANK0  04E
get_RFID@flag_RFID_syn      cstackBANK0  049
get_RFID@i                  cstackBANK0  04D
get_RFID@ii                 cstackBANK0  051
get_RFID@j                  cstackBANK0  04C
get_RFID@timeOutVal         cstackBANK0  04F
i1l4125                                     
id_clear@F1097              dataBANK0    020
id_clear@idMax              cstackBANK0  042
id_clear@idMin              cstackBANK0  048
id_clear@tmp                cstackBANK0  043
id_replate@Cont             cstackBANK0  03E
id_replate@buff             cstackBANK0  03F
id_replate@id               cstackCOMMON 07B
id_search@buff              cstackCOMMON 07A
id_search@i                 cstackBANK0  03F
id_search@id_input          cstackBANK0  03E
init_fetch                  inittext     3AD
init_ram                    inittext     3B1
interrupt_function          intentry     004
intlevel0                   functab      000
intlevel1                   functab      000
intlevel2                   functab      000
intlevel3                   functab      000
intlevel4                   functab      000
intlevel5                   functab      000
l1588                                       
l1594                                       
l1603                                       
l1609                                       
l3297                                       
l4128                                       
l4137                                       
l4145                                       
l4870                                       
l4906                                       
l5907                                       
l5909                                       
l5911                                       
l5913                                       
l5915                                       
l5917                                       
l5919                                       
l5921                                       
l5923                                       
l5925                                       
l5927                                       
l5929                                       
l5931                                       
l5933                                       
l5935                                       
l5937                                       
l5941                                       
l5973                                       
l5975                                       
l5977                                       
l5979                                       
l5983                                       
l5985                                       
l5997                                       
l5999                                       
l6001                                       
l6003                                       
l6005                                       
l6007                                       
l6009                                       
l6011                                       
l6013                                       
l6015                                       
l6017                                       
l6019                                       
l6021                                       
l6023                                       
l6025                                       
l6027                                       
l6029                                       
l6037                                       
l6039                                       
l6045                                       
l6047                                       
l6049                                       
l6055                                       
l6059                                       
l6063                                       
l6069                                       
l6071                                       
l6073                                       
l6077                                       
l6081                                       
l6085                                       
l6087                                       
l6091                                       
l6093                                       
l6095                                       
l6099                                       
l6107                                       
l6115                                       
l6119                                       
l6129                                       
l6141                                       
l6147                                       
l6155                                       
l6163                                       
l6167                                       
l6169                                       
l6175                                       
l6179                                       
l6201                                       
l6203                                       
l6215                                       
l6221                                       
l6229                                       
l6231                                       
l6239                                       
l6243                                       
l6245                                       
l6251                                       
l6255                                       
l6267                                       
l6269                                       
l6277                                       
l6279                                       
l6287                                       
l6293                                       
l6297                                       
l6299                                       
l6301                                       
l6303                                       
l6315                                       
l6329                                       
l6335                                       
l6339                                       
l6343                                       
l6345                                       
l6347                                       
l6349                                       
l6351                                       
l6353                                       
l6355                                       
l6357                                       
l6361                                       
l6365                                       
l6367                                       
l6369                                       
l6371                                       
l6373                                       
l6375                                       
l6377                                       
l6379                                       
l6381                                       
l6383                                       
l6385                                       
l6387                                       
l6393                                       
l6395                                       
l6399                                       
l6401                                       
l6411                                       
l6413                                       
l6419                                       
l6423                                       
l6433                                       
l6435                                       
l6443                                       
l6455                                       
l6465                                       
l6469                                       
l790                                        
l793                                        
l796                                        
l799                                        
main@idState                cstackBANK0  055
main@idop                   cstackBANK0  057
main@tmp                    cstackBANK0  056
reset_vec                   reset_vec    000
saved_w                     (abs)        07E
setState@_tOut              cstackCOMMON 072
setState@stt                cstackCOMMON 074
start                       init         00A
start_initialization        cinit        374
timerOut@CurTimer           cstackCOMMON 075
timerOut@Logic              cstackCOMMON 074
timerOut@time               cstackCOMMON 072
wtemp0                      (abs)        07E
