HI-TECH Software C Compiler 

Linker command line:

\
  --edf=D:\OneDrive\SmarRF\MCU\MC82\IDE\ORIGINIDE_V2.0.9\Program Files (x86)\HI-TECH Software\PICC\9.83\dat\en_msgs.txt \
  -cs -h+smartkey.sym -z -Q16F685 -ol.obj -Msmartkey.map -E1 \
  -ACONST=00h-0FFhx8 -ACODE=00h-07FFh -ASTRCODE=00h-07FFh \
  -AENTRY=00h-0FFhx8 -ASTRING=00h-0FFhx8 -ABANK0=020h-06Fh \
  -ABANK1=0A0h-0BFh -ARAM=020h-06Fh,0A0h-0BFh -AABS1=020h-07Fh,0A0h-0BFh \
  -ACOMMON=070h-07Fh -ASFR0=00h-01Fh -ASFR1=080h-09Fh \
  -preset_vec=00h,intentry=04h,init,end_init -ppowerup=CODE -pfunctab=CODE \
  -ACONFIG=02007h-02007h -pconfig=CONFIG -DCONFIG=2 -AIDLOC=02000h-02003h \
  -pidloc=IDLOC -DIDLOC=2 -AEEDATA=00h-0FFh/02100h -peeprom_data=EEDATA \
  -DEEDATA=2 -DCODE=2 -DSTRCODE=2 -DSTRING=2 -DCONST=2 -DENTRY=2 -k \
  startup.obj smartkey.obj 

Object code version is 3.10

Machine type is 16F685



                Name                               Link     Load   Length Selector   Space Scale
startup.obj     end_init                              A        A        1        8       0
                reset_vec                             0        0        1        0       0
smartkey.obj    intentry                              4        4        6        8       0
                text504                             464      464        7      8C8       0
                text503                             41A      41A        F        8       0
                text502                             46B      46B        3      8C8       0
                text501                             437      437        C        8       0
                text500                             455      455        8        8       0
                text499                             33B      33B       1F        8       0
                text498                             31C      31C       1F        8       0
                text497                             2FD      2FD       1F        8       0
                text496                             443      443        A        8       0
                text495                             429      429        E        8       0
                text494                             378      378       1B        8       0
                text493                             44D      44D        8        8       0
                text492                             3EA      3EA       11        8       0
                text491                             2BD      2BD       21        8       0
                text490                               B        B      14A        8       0
                text489                             3FB      3FB       10        8       0
                text488                             393      393       1A        8       0
                text487                             3D8      3D8       12        8       0
                text486                             3C3      3C3       15        8       0
                text485                             282      282       3B        8       0
                text484                             2DE      2DE       1F        8       0
                swtext1                             45D      45D        7      8BA       0
                maintext                            155      155      12D        8       0
                cstackBANK0                          3E       3E       1A       20       1
                cstackCOMMON                         70       70        C       70       1
                inittext                            40B      40B        F        8       0
                dataBANK0                            20       20       1E       20       1
                bssBANK0                             58       58        A       20       1
                cinit                               3AD      3AD       16        8       0
                idataBANK0                          35A      35A       1E        8       0

TOTAL           Name                               Link     Load   Length     Space
        CLASS   CONST          
                swtext1                             45D      45D        7         0

        CLASS   CODE           
                end_init                              A        A        1         0
                intentry                              4        4        6         0
                reset_vec                             0        0        1         0
                text504                             464      464        7         0
                text503                             41A      41A        F         0
                text502                             46B      46B        3         0
                text501                             437      437        C         0
                text500                             455      455        8         0
                text499                             33B      33B       1F         0
                text498                             31C      31C       1F         0
                text497                             2FD      2FD       1F         0
                text496                             443      443        A         0
                text495                             429      429        E         0
                text494                             378      378       1B         0
                text493                             44D      44D        8         0
                text492                             3EA      3EA       11         0
                text491                             2BD      2BD       21         0
                text490                               B        B      14A         0
                text489                             3FB      3FB       10         0
                text488                             393      393       1A         0
                text487                             3D8      3D8       12         0
                text486                             3C3      3C3       15         0
                text485                             282      282       3B         0
                text484                             2DE      2DE       1F         0
                maintext                            155      155      12D         0
                inittext                            40B      40B        F         0
                cinit                               3AD      3AD       16         0
                idataBANK0                          35A      35A       1E         0

        CLASS   STRCODE        

        CLASS   ENTRY          

        CLASS   STRING         

        CLASS   BANK0          
                cstackBANK0                          3E       3E       1A         1
                dataBANK0                            20       20       1E         1
                bssBANK0                             58       58        A         1

        CLASS   BANK1          

        CLASS   RAM            

        CLASS   ABS1           
                abs_s1                               7E       7E        2         1
                abs_s1                              10E      10E        2         1
                abs_s1                              115      115        2         1
                abs_s1                              118      118        4         1
                abs_s1                              11E      11E        2         1
                abs_s1                              18C      18C        1         1
                abs_s1                              19D      19D        2         1

        CLASS   COMMON         
                cstackCOMMON                         70       70        C         1

        CLASS   SFR0           

        CLASS   SFR1           

        CLASS   CONFIG         

        CLASS   IDLOC          

        CLASS   EEDATA         



SEGMENTS        Name                           Load    Length   Top    Selector   Space  Class     Delta

                reset_vec                      000000  000001  000001         0       0  CODE        2
                intentry                       000004  000459  00045D         8       0  CODE        2
                dataBANK0                      000020  000042  000062        20       1  BANK0       1
                cstackCOMMON                   000070  00000C  00007C        70       1  COMMON      1
                swtext1                        00045D  000007  000464       8BA       0  CONST       2
                text504                        000464  00000A  00046E       8C8       0  CODE        2


UNUSED ADDRESS RANGES

        Name                Unused          Largest block    Delta
        BANK0            062-06F             E           1
        BANK1            0A0-0BF            20           1
        CODE             001-003             3           2
                         46E-7FF           392
        COMMON           07C-07D             2           1
        CONFIG           2007-2007             1           2
        CONST            001-003             3           2
                         46E-7FF           100
        EEDATA           2100-21FF           100           2
        ENTRY            001-003             3           2
                         46E-7FF           100
        IDLOC            2000-2003             4           2
        RAM              062-06F             E           1
                         0A0-0BF            20
        SFR0             000-01F            20           1
        SFR1             080-09F            20           1
        STRCODE          001-003             3           2
                         46E-7FF           392
        STRING           001-003             3           2
                         46E-7FF           100

                                  Symbol Table

??_ISR                      cstackCOMMON 070
??_SET_EPWM_ON              cstackCOMMON 072
??___bmul                   cstackCOMMON 073
??___lbdiv                  cstackCOMMON 073
??_beep2                    cstackCOMMON 076
??_comArr                   cstackCOMMON 075
??_delay_x10ms              cstackCOMMON 072
??_eepromReadBlock          cstackCOMMON 076
??_eepromReadByte           cstackCOMMON 072
??_eepromWriteBlock         cstackCOMMON 078
??_eepromWriteByte          cstackCOMMON 073
??_get_RFID                 cstackCOMMON 077
??_gpio_init                cstackCOMMON 072
??_id_clear                 cstackCOMMON 07C
??_id_replate               cstackBANK0  040
??_id_search                cstackCOMMON 07B
??_int_init                 cstackCOMMON 072
??_main                     cstackBANK0  052
??_setState                 cstackCOMMON 074
??_sys_init                 cstackCOMMON 072
??_timerOut                 cstackCOMMON 074
??_timer_init               cstackCOMMON 072
?_ISR                       cstackCOMMON 070
?_SET_EPWM_ON               cstackCOMMON 070
?___bmul                    cstackCOMMON 072
?___lbdiv                   cstackCOMMON 072
?_beep2                     cstackCOMMON 075
?_comArr                    cstackCOMMON 072
?_delay_x10ms               cstackCOMMON 070
?_eepromReadBlock           cstackCOMMON 074
?_eepromReadByte            cstackCOMMON 070
?_eepromWriteBlock          cstackCOMMON 076
?_eepromWriteByte           cstackCOMMON 072
?_get_RFID                  cstackCOMMON 070
?_gpio_init                 cstackCOMMON 070
?_id_clear                  cstackBANK0  042
?_id_replate                cstackBANK0  03E
?_id_search                 cstackCOMMON 07A
?_int_init                  cstackCOMMON 070
?_main                      cstackCOMMON 070
?_setState                  cstackCOMMON 072
?_sys_init                  cstackCOMMON 070
?_timerOut                  cstackCOMMON 072
?_timer_init                cstackCOMMON 070
_ANS0                       (abs)        8F0
_ANS1                       (abs)        8F1
_ANS10                      (abs)        8FA
_ANS11                      (abs)        8FB
_ANS2                       (abs)        8F2
_ANS3                       (abs)        8F3
_ANS4                       (abs)        8F4
_ANS5                       (abs)        8F5
_ANS6                       (abs)        8F6
_ANS7                       (abs)        8F7
_ANS8                       (abs)        8F8
_ANS9                       (abs)        8F9
_ANSEL                      (abs)        11E
_ANSELH                     (abs)        11F
_C1CH0                      (abs)        8C8
_C1CH1                      (abs)        8C9
_C1OE                       (abs)        8CD
_C1ON                       (abs)        8CF
_C1OUT                      (abs)        8CE
_C1POL                      (abs)        8CC
_C1R                        (abs)        8CA
_C1SEN                      (abs)        CF5
_C1VREN                     (abs)        8C7
_C2CH0                      (abs)        8D0
_C2CH1                      (abs)        8D1
_C2OE                       (abs)        8D5
_C2ON                       (abs)        8D7
_C2OUT                      (abs)        8D6
_C2POL                      (abs)        8D4
_C2R                        (abs)        8D2
_C2REN                      (abs)        CF4
_C2SYNC                     (abs)        8D8
_C2VREN                     (abs)        8C6
_CM1CON0                    (abs)        119
_CM2CON0                    (abs)        11A
_CM2CON1                    (abs)        11B
_EEADR                      (abs)        09B
_EEADRH                     (abs)        10F
_EECON1                     (abs)        09C
_EEDAT                      (abs)        09A
_EEDATH                     (abs)        10E
_EEIF                       (abs)        067
_EEPGD                      (abs)        C67
_GIE                        (abs)        05F
_HTS                        (abs)        47A
_INTCON                     (abs)        00B
_IOCB                       (abs)        116
_IOCB4                      (abs)        8B4
_IOCB5                      (abs)        8B5
_IOCB6                      (abs)        8B6
_IOCB7                      (abs)        8B7
_ISR                        text504      464
_MC1OUT                     (abs)        8DF
_MC2OUT                     (abs)        8DE
_OPTION                     (abs)        081
_OSCCON                     (abs)        08F
_P1ADTH                     (abs)        014
_P1ADTL                     (abs)        00E
_P1CON                      (abs)        016
_P1OE                       (abs)        090
_P1POL                      (abs)        099
_PEIE                       (abs)        05E
_PIE1                       (abs)        08C
_PIR1                       (abs)        00C
_PORTA                      (abs)        005
_PORTC                      (abs)        007
_PR2H                       (abs)        092
_PR2L                       (abs)        091
_PSTRCON                    (abs)        19D
_PULSR                      (abs)        CF2
_PULSS                      (abs)        CF3
_RA3                        (abs)        02B
_RA5                        (abs)        02D
_RC0                        (abs)        038
_RD                         (abs)        4E0
_SET_EPWM_ON                text497      2FD
_SR0                        (abs)        CF6
_SR1                        (abs)        CF7
_SRCON                      (abs)        19E
_STRA                       (abs)        CE8
_STRB                       (abs)        CE9
_STRC                       (abs)        CEA
_STRD                       (abs)        CEB
_STRSYNC                    (abs)        CEC
_T0IE                       (abs)        05D
_T0IF                       (abs)        05A
_T0ON                       (abs)        0FB
_T1GSS                      (abs)        8D9
_T2CON0                     (abs)        012
_T2CON1                     (abs)        09E
_TMR0                       (abs)        001
_TMR2H                      (abs)        013
_TMR2IE                     (abs)        461
_TMR2IF                     (abs)        061
_TMR2L                      (abs)        011
_TMR2ON                     (abs)        092
_TRISA                      (abs)        085
_TRISC                      (abs)        087
_VP6EN                      (abs)        8C4
_VR0                        (abs)        8C0
_VR1                        (abs)        8C1
_VR2                        (abs)        8C2
_VR3                        (abs)        8C3
_VRCON                      (abs)        118
_VRR                        (abs)        8C5
_WPUA                       (abs)        095
_WPUB                       (abs)        115
_WPUB4                      (abs)        8AC
_WPUB5                      (abs)        8AD
_WPUB6                      (abs)        8AE
_WPUB7                      (abs)        8AF
_WPUC                       (abs)        093
_WR                         (abs)        4E8
_WREN                       (abs)        C62
__Habs1                     abs1         000
__Hbank0                    bank0        000
__Hbank1                    bank1        000
__HbssBANK0                 bssBANK0     000
__Hcinit                    cinit        000
__Hclrtext                  clrtext      000
__Hcode                     code         000
__Hcommon                   common       000
__Hconfig                   config       000
__HcstackBANK0              cstackBANK0  000
__HcstackCOMMON             cstackCOMMON 000
__HdataBANK0                dataBANK0    000
__Heeprom_data              eeprom_data  000
__Hend_init                 end_init     00B
__Hfunctab                  functab      000
__HidataBANK0               idataBANK0   000
__Hidloc                    idloc        000
__Hinit                     init         00A
__Hinittext                 inittext     000
__Hintentry                 intentry     00A
__Hmaintext                 maintext     000
__Hpa_nodes                 pa_nodes     000
__Hpowerup                  powerup      000
__Hram                      ram          000
__Hreset_vec                reset_vec    001
__Hsfr0                     sfr0         000
__Hsfr1                     sfr1         000
__Hstrings                  strings      000
__Htext                     text         000
__Labs1                     abs1         000
__Lbank0                    bank0        000
__Lbank1                    bank1        000
__LbssBANK0                 bssBANK0     000
__Lcinit                    cinit        000
__Lclrtext                  clrtext      000
__Lcode                     code         000
__Lcommon                   common       000
__Lconfig                   config       000
__LcstackBANK0              cstackBANK0  000
__LcstackCOMMON             cstackCOMMON 000
__LdataBANK0                dataBANK0    000
__Leeprom_data              eeprom_data  000
__Lend_init                 end_init     00A
__Lfunctab                  functab      000
__LidataBANK0               idataBANK0   000
__Lidloc                    idloc        000
__Linit                     init         00A
__Linittext                 inittext     000
__Lintentry                 intentry     004
__Lmaintext                 maintext     000
__Lpa_nodes                 pa_nodes     000
__Lpowerup                  powerup      000
__Lram                      ram          000
__Lreset_vec                reset_vec    000
__Lsfr0                     sfr0         000
__Lsfr1                     sfr1         000
__Lstrings                  strings      000
__Ltext                     text         000
__S0                        (abs)        46E
__S1                        (abs)        07C
__S2                        (abs)        000
___bmul                     text495      429
___bmul@multiplicand        cstackCOMMON 072
___bmul@multiplier          cstackCOMMON 074
___bmul@product             cstackCOMMON 073
___lbdiv                    text494      378
___lbdiv@counter            cstackCOMMON 074
___lbdiv@dividend           cstackCOMMON 073
___lbdiv@divisor            cstackCOMMON 072
___lbdiv@quotient           cstackCOMMON 075
__end_of_ISR                text504      46B
__end_of_SET_EPWM_ON        text497      31C
__end_of___bmul             text495      437
__end_of___lbdiv            text494      393
__end_of_beep2              text486      3D8
__end_of_comArr             text499      35A
__end_of_delay_x10ms        text489      40B
__end_of_eepromReadBlock    text492      3FB
__end_of_eepromReadByte     text500      45D
__end_of_eepromWriteBlock   text487      3EA
__end_of_eepromWriteByte    text491      2DE
__end_of_get_RFID           text490      143
__end_of_gpio_init          text503      429
__end_of_id_clear           text484      2FD
__end_of_id_replate         text485      2B6
__end_of_id_search          text488      3AD
__end_of_int_init           text501      443
__end_of_main               maintext     282
__end_of_setState           text496      44D
__end_of_sys_init           text493      455
__end_of_timerOut           text498      33B
__end_of_timer_init         text502      46E
__pbssBANK0                 bssBANK0     058
__pcstackBANK0              cstackBANK0  03E
__pcstackCOMMON             cstackCOMMON 070
__pdataBANK0                dataBANK0    020
__pidataBANK0               idataBANK0   35A
__pintentry                 intentry     004
__pmaintext                 maintext     155
__pswtext1                  swtext1      45D
__ptext484                  text484      2DE
__ptext485                  text485      282
__ptext486                  text486      3C3
__ptext487                  text487      3D8
__ptext488                  text488      393
__ptext489                  text489      3FB
__ptext490                  text490      00B
__ptext491                  text491      2BD
__ptext492                  text492      3EA
__ptext493                  text493      44D
__ptext494                  text494      378
__ptext495                  text495      429
__ptext496                  text496      443
__ptext497                  text497      2FD
__ptext498                  text498      31C
__ptext499                  text499      33B
__ptext500                  text500      455
__ptext501                  text501      437
__ptext502                  text502      46B
__ptext503                  text503      41A
__ptext504                  text504      464
__ptext505                  text505      000
__size_of_ISR               (abs)        000
__size_of_SET_EPWM_ON       (abs)        000
__size_of___bmul            (abs)        000
__size_of___lbdiv           (abs)        000
__size_of_beep2             (abs)        000
__size_of_comArr            (abs)        000
__size_of_delay_x10ms       (abs)        000
__size_of_eepromReadBlock   (abs)        000
__size_of_eepromReadByte    (abs)        000
__size_of_eepromWriteBlock  (abs)        000
__size_of_eepromWriteByte   (abs)        000
__size_of_get_RFID          (abs)        000
__size_of_gpio_init         (abs)        000
__size_of_id_clear          (abs)        000
__size_of_id_replate        (abs)        000
__size_of_id_search         (abs)        000
__size_of_int_init          (abs)        000
__size_of_main              (abs)        000
__size_of_setState          (abs)        000
__size_of_sys_init          (abs)        000
__size_of_timerOut          (abs)        000
__size_of_timer_init        (abs)        000
_beep2                      text486      3C3
_buffTag                    dataBANK0    025
_comArr                     text499      33B
_delay_x10ms                text489      3FB
_eepromReadBlock            text492      3EA
_eepromReadByte             text500      455
_eepromWriteBlock           text487      3D8
_eepromWriteByte            text491      2BD
_exit                       init         00A
_get_RFID                   text490      00B
_gpio_init                  text503      41A
_id_clear                   text484      2DE
_id_replate                 text485      282
_id_search                  text488      393
_int_init                   text501      437
_keyID                      bssBANK0     05D
_main                       maintext     155
_mtState                    bssBANK0     05C
_setState                   text496      443
_sys_init                   text493      44D
_timeOut                    bssBANK0     058
_timeTick                   bssBANK0     05A
_timerOut                   text498      31C
_timer_init                 text502      46B
beep2@rep                   cstackCOMMON 075
beep2@sel                   cstackCOMMON 076
btemp                       (abs)        07E
comArr@arr1                 cstackCOMMON 078
comArr@arr2                 cstackCOMMON 072
comArr@i                    cstackCOMMON 079
comArr@len1                 cstackCOMMON 073
comArr@len2                 cstackCOMMON 074
delay_x10ms@t               cstackCOMMON 074
eepromReadBlock@addStart    cstackCOMMON 077
eepromReadBlock@buff        cstackCOMMON 074
eepromReadBlock@i           cstackCOMMON 078
eepromReadBlock@len         cstackCOMMON 075
eepromReadByte@EEAddr       cstackCOMMON 072
eepromReadByte@ReEepromData cstackCOMMON 073
eepromWriteBlock@addStart   cstackCOMMON 079
eepromWriteBlock@buff       cstackCOMMON 076
eepromWriteBlock@i          cstackCOMMON 07A
eepromWriteBlock@len        cstackCOMMON 077
eepromWriteByte@EEAddr      cstackCOMMON 075
eepromWriteByte@EEData      cstackCOMMON 072
end_of_initialization       cinit        3C1
get_RFID@RF_serial_55bits   cstackBANK0  03E
get_RFID@even_col           cstackBANK0  04A
get_RFID@even_row           cstackBANK0  04B
get_RFID@flag_RFID_last     cstackBANK0  04E
get_RFID@flag_RFID_syn      cstackBANK0  049
get_RFID@i                  cstackBANK0  04D
get_RFID@ii                 cstackBANK0  051
get_RFID@j                  cstackBANK0  04C
get_RFID@timeOutVal         cstackBANK0  04F
i1l4128                                     
id_clear@F1097              dataBANK0    020
id_clear@idMax              cstackBANK0  042
id_clear@idMin              cstackBANK0  048
id_clear@tmp                cstackBANK0  043
id_replate@Cont             cstackBANK0  03E
id_replate@buff             cstackBANK0  03F
id_replate@id               cstackCOMMON 07B
id_search@buff              cstackCOMMON 07A
id_search@i                 cstackBANK0  03F
id_search@id_input          cstackBANK0  03E
init_fetch                  inittext     40B
init_ram                    inittext     40F
interrupt_function          intentry     004
intlevel0                   functab      000
intlevel1                   functab      000
intlevel2                   functab      000
intlevel3                   functab      000
intlevel4                   functab      000
intlevel5                   functab      000
l1588                                       
l1594                                       
l1603                                       
l1609                                       
l3297                                       
l4119                                       
l4131                                       
l4140                                       
l4148                                       
l4156                                       
l4875                                       
l4911                                       
l5954                                       
l5956                                       
l5958                                       
l5960                                       
l5962                                       
l5964                                       
l5966                                       
l5968                                       
l5970                                       
l5972                                       
l5974                                       
l5976                                       
l5978                                       
l5980                                       
l5982                                       
l5984                                       
l5988                                       
l6020                                       
l6022                                       
l6024                                       
l6026                                       
l6030                                       
l6032                                       
l6044                                       
l6046                                       
l6048                                       
l6050                                       
l6052                                       
l6054                                       
l6056                                       
l6058                                       
l6060                                       
l6062                                       
l6064                                       
l6066                                       
l6068                                       
l6070                                       
l6072                                       
l6074                                       
l6076                                       
l6084                                       
l6086                                       
l6092                                       
l6094                                       
l6096                                       
l6102                                       
l6106                                       
l6110                                       
l6116                                       
l6118                                       
l6120                                       
l6124                                       
l6128                                       
l6132                                       
l6134                                       
l6138                                       
l6140                                       
l6142                                       
l6146                                       
l6154                                       
l6162                                       
l6166                                       
l6176                                       
l6188                                       
l6194                                       
l6202                                       
l6210                                       
l6214                                       
l6216                                       
l6222                                       
l6226                                       
l6248                                       
l6250                                       
l6262                                       
l6268                                       
l6276                                       
l6278                                       
l6286                                       
l6290                                       
l6292                                       
l6298                                       
l6302                                       
l6314                                       
l6316                                       
l6324                                       
l6326                                       
l6334                                       
l6340                                       
l6344                                       
l6346                                       
l6348                                       
l6350                                       
l6362                                       
l6368                                       
l6382                                       
l6388                                       
l6392                                       
l6396                                       
l6398                                       
l6400                                       
l6404                                       
l6406                                       
l6408                                       
l6414                                       
l6416                                       
l6418                                       
l6420                                       
l6422                                       
l6424                                       
l6426                                       
l6428                                       
l6432                                       
l6436                                       
l6438                                       
l6440                                       
l6442                                       
l6444                                       
l6446                                       
l6448                                       
l6450                                       
l6452                                       
l6454                                       
l6456                                       
l6458                                       
l6464                                       
l6466                                       
l6470                                       
l6472                                       
l6482                                       
l6484                                       
l6486                                       
l6488                                       
l6492                                       
l6496                                       
l6498                                       
l6500                                       
l6508                                       
l6510                                       
l6512                                       
l6520                                       
l6524                                       
l6526                                       
l6536                                       
l6540                                       
l6542                                       
l6550                                       
l6554                                       
l790                                        
l793                                        
l796                                        
l799                                        
main@idState                cstackBANK0  055
main@idop                   cstackBANK0  057
main@tmp                    cstackBANK0  056
reset_vec                   reset_vec    000
saved_w                     (abs)        07E
setState@_tOut              cstackCOMMON 072
setState@stt                cstackCOMMON 074
start                       init         00A
start_initialization        cinit        3AD
timerOut@CurTimer           cstackCOMMON 075
timerOut@Logic              cstackCOMMON 074
timerOut@time               cstackCOMMON 072
wtemp0                      (abs)        07E
